{
    "Should run without failures": {
        "content": [
            {
                "0": [
                    "Bonjour\n",
                    "Ciao\n",
                    "Hello\n",
                    "Hola\n"
                ]
            }
        ],
        "meta": {
            "nf-test": "0.9.3",
            "nextflow": "25.04.7"
        },
        "timestamp": "2025-10-20T20:44:12.406843585"
    }
}