{
    "Should run without failures": {
        "content": [
            {
                "0": [
                    "Bonjour world!\n",
                    "Ciao world!\n",
                    "Hello world!\n",
                    "Hola world!\n"
                ]
            }
        ],
        "meta": {
            "nf-test": "0.9.3",
            "nextflow": "25.04.7"
        },
        "timestamp": "2025-10-15T17:25:07.048607826"
    }
}